// Jest Snapshot v1, https://goo.gl/fbAQLP

exports[`Card that it matches an existing snapshot 1`] = `
<div
  className="card"
>
  <span
    className="card__content"
  >
    <div
      className="card__content-text"
    >
      test
    </div>
    <div
      className="card__content-emoji"
    >
      😍
    </div>
  </span>
  <button
    className="card__delete"
    onClick={[Function]}
  >
     X 
  </button>
</div>
`;
